// Jest Snapshot v1, https://goo.gl/fbAQLP

exports[`should render ExpenseListitems 1`] = `
<div>
  <NavLink
    activeClassName="active"
    ariaCurrent="true"
    exact={true}
    to="/edit/1"
  >
    <h1>
      gas
    </h1>
  </NavLink>
  <p>
    $1.95
     - 
    December 31st, 1969
  </p>
</div>
`;
